Archive member included to satisfy reference by file (symbol)

/opt/TivaWare-TMC4/driverlib/gcc/libdriver.a(gpio.o)
                              ./blinky.o (GPIOPinWrite)
/opt/TivaWare-TMC4/driverlib/gcc/libdriver.a(interrupt.o)
                              /opt/TivaWare-TMC4/driverlib/gcc/libdriver.a(gpio.o) (IntRegister)
/opt/TivaWare-TMC4/driverlib/gcc/libdriver.a(sysctl.o)
                              ./blinky.o (SysCtlPeripheralReady)
/opt/TivaWare-TMC4/driverlib/gcc/libdriver.a(cpu.o)
                              /opt/TivaWare-TMC4/driverlib/gcc/libdriver.a(interrupt.o) (CPUcpsid)
/opt/gcc-arm-none-eabi-5_3-2016q1/bin/../lib/gcc/arm-none-eabi/5.3.1/../../../../arm-none-eabi/lib/armv7-m/libg.a(lib_a-exit.o)
                              /opt/gcc-arm-none-eabi-5_3-2016q1/bin/../lib/gcc/arm-none-eabi/5.3.1/../../../../arm-none-eabi/lib/armv7-m/crt0.o (exit)
/opt/gcc-arm-none-eabi-5_3-2016q1/bin/../lib/gcc/arm-none-eabi/5.3.1/../../../../arm-none-eabi/lib/armv7-m/libg.a(lib_a-impure.o)
                              /opt/gcc-arm-none-eabi-5_3-2016q1/bin/../lib/gcc/arm-none-eabi/5.3.1/../../../../arm-none-eabi/lib/armv7-m/libg.a(lib_a-exit.o) (_global_impure_ptr)
/opt/gcc-arm-none-eabi-5_3-2016q1/bin/../lib/gcc/arm-none-eabi/5.3.1/../../../../arm-none-eabi/lib/armv7-m/libg.a(lib_a-init.o)
                              /opt/gcc-arm-none-eabi-5_3-2016q1/bin/../lib/gcc/arm-none-eabi/5.3.1/../../../../arm-none-eabi/lib/armv7-m/crt0.o (__libc_init_array)
/opt/gcc-arm-none-eabi-5_3-2016q1/bin/../lib/gcc/arm-none-eabi/5.3.1/../../../../arm-none-eabi/lib/armv7-m/libg.a(lib_a-memset.o)
                              /opt/gcc-arm-none-eabi-5_3-2016q1/bin/../lib/gcc/arm-none-eabi/5.3.1/../../../../arm-none-eabi/lib/armv7-m/crt0.o (memset)
/opt/gcc-arm-none-eabi-5_3-2016q1/bin/../lib/gcc/arm-none-eabi/5.3.1/../../../../arm-none-eabi/lib/armv7-m/libg.a(lib_a-__call_atexit.o)
                              /opt/gcc-arm-none-eabi-5_3-2016q1/bin/../lib/gcc/arm-none-eabi/5.3.1/../../../../arm-none-eabi/lib/armv7-m/libg.a(lib_a-exit.o) (__call_exitprocs)
/opt/gcc-arm-none-eabi-5_3-2016q1/bin/../lib/gcc/arm-none-eabi/5.3.1/../../../../arm-none-eabi/lib/armv7-m/libg.a(lib_a-atexit.o)
                              /opt/gcc-arm-none-eabi-5_3-2016q1/bin/../lib/gcc/arm-none-eabi/5.3.1/../../../../arm-none-eabi/lib/armv7-m/libg.a(lib_a-__call_atexit.o) (atexit)
/opt/gcc-arm-none-eabi-5_3-2016q1/bin/../lib/gcc/arm-none-eabi/5.3.1/../../../../arm-none-eabi/lib/armv7-m/libg.a(lib_a-fini.o)
                              /opt/gcc-arm-none-eabi-5_3-2016q1/bin/../lib/gcc/arm-none-eabi/5.3.1/../../../../arm-none-eabi/lib/armv7-m/libg.a(lib_a-__call_atexit.o) (__libc_fini_array)
/opt/gcc-arm-none-eabi-5_3-2016q1/bin/../lib/gcc/arm-none-eabi/5.3.1/../../../../arm-none-eabi/lib/armv7-m/libg.a(lib_a-__atexit.o)
                              /opt/gcc-arm-none-eabi-5_3-2016q1/bin/../lib/gcc/arm-none-eabi/5.3.1/../../../../arm-none-eabi/lib/armv7-m/libg.a(lib_a-atexit.o) (__register_exitproc)

Discarded input sections

 .text          0x00000000        0x0 /opt/gcc-arm-none-eabi-5_3-2016q1/bin/../lib/gcc/arm-none-eabi/5.3.1/armv7-m/crti.o
 .data          0x00000000        0x0 /opt/gcc-arm-none-eabi-5_3-2016q1/bin/../lib/gcc/arm-none-eabi/5.3.1/armv7-m/crti.o
 .bss           0x00000000        0x0 /opt/gcc-arm-none-eabi-5_3-2016q1/bin/../lib/gcc/arm-none-eabi/5.3.1/armv7-m/crti.o
 .text          0x00000000       0x5c /opt/gcc-arm-none-eabi-5_3-2016q1/bin/../lib/gcc/arm-none-eabi/5.3.1/armv7-m/crtbegin.o
 .data          0x00000000        0x4 /opt/gcc-arm-none-eabi-5_3-2016q1/bin/../lib/gcc/arm-none-eabi/5.3.1/armv7-m/crtbegin.o
 .bss           0x00000000       0x1c /opt/gcc-arm-none-eabi-5_3-2016q1/bin/../lib/gcc/arm-none-eabi/5.3.1/armv7-m/crtbegin.o
 .init_array    0x00000000        0x4 /opt/gcc-arm-none-eabi-5_3-2016q1/bin/../lib/gcc/arm-none-eabi/5.3.1/armv7-m/crtbegin.o
 .fini_array    0x00000000        0x4 /opt/gcc-arm-none-eabi-5_3-2016q1/bin/../lib/gcc/arm-none-eabi/5.3.1/armv7-m/crtbegin.o
 .eh_frame      0x00000000        0x0 /opt/gcc-arm-none-eabi-5_3-2016q1/bin/../lib/gcc/arm-none-eabi/5.3.1/armv7-m/crtbegin.o
 .jcr           0x00000000        0x0 /opt/gcc-arm-none-eabi-5_3-2016q1/bin/../lib/gcc/arm-none-eabi/5.3.1/armv7-m/crtbegin.o
 .ARM.attributes
                0x00000000       0x2d /opt/gcc-arm-none-eabi-5_3-2016q1/bin/../lib/gcc/arm-none-eabi/5.3.1/armv7-m/crtbegin.o
 .text          0x00000000       0x74 /opt/gcc-arm-none-eabi-5_3-2016q1/bin/../lib/gcc/arm-none-eabi/5.3.1/../../../../arm-none-eabi/lib/armv7-m/crt0.o
 .data          0x00000000        0x0 /opt/gcc-arm-none-eabi-5_3-2016q1/bin/../lib/gcc/arm-none-eabi/5.3.1/../../../../arm-none-eabi/lib/armv7-m/crt0.o
 .bss           0x00000000        0x0 /opt/gcc-arm-none-eabi-5_3-2016q1/bin/../lib/gcc/arm-none-eabi/5.3.1/../../../../arm-none-eabi/lib/armv7-m/crt0.o
 .ARM.extab     0x00000000        0x0 /opt/gcc-arm-none-eabi-5_3-2016q1/bin/../lib/gcc/arm-none-eabi/5.3.1/../../../../arm-none-eabi/lib/armv7-m/crt0.o
 .ARM.exidx     0x00000000        0x8 /opt/gcc-arm-none-eabi-5_3-2016q1/bin/../lib/gcc/arm-none-eabi/5.3.1/../../../../arm-none-eabi/lib/armv7-m/crt0.o
 .ARM.attributes
                0x00000000       0x1b /opt/gcc-arm-none-eabi-5_3-2016q1/bin/../lib/gcc/arm-none-eabi/5.3.1/../../../../arm-none-eabi/lib/armv7-m/crt0.o
 .group         0x00000000        0x8 ./blinky.o
 .group         0x00000000        0x8 ./blinky.o
 .group         0x00000000        0x8 ./blinky.o
 .group         0x00000000        0x8 ./blinky.o
 .group         0x00000000        0x8 ./blinky.o
 .group         0x00000000        0x8 ./blinky.o
 .group         0x00000000        0x8 ./blinky.o
 .group         0x00000000        0x8 ./blinky.o
 .group         0x00000000        0x8 ./blinky.o
 .group         0x00000000        0x8 ./blinky.o
 .group         0x00000000        0x8 ./blinky.o
 .text          0x00000000        0x0 ./blinky.o
 .data          0x00000000        0x0 ./blinky.o
 .bss           0x00000000        0x0 ./blinky.o
 .group         0x00000000        0x8 ./startup_gcc.o
 .group         0x00000000        0x8 ./startup_gcc.o
 .group         0x00000000        0x8 ./startup_gcc.o
 .group         0x00000000        0x8 ./startup_gcc.o
 .group         0x00000000        0x8 ./startup_gcc.o
 .group         0x00000000        0x8 ./startup_gcc.o
 .group         0x00000000        0x8 ./startup_gcc.o
 .group         0x00000000        0x8 ./startup_gcc.o
 .group         0x00000000        0x8 ./startup_gcc.o
 .text          0x00000000        0x0 ./startup_gcc.o
 .data          0x00000000        0x0 ./startup_gcc.o
 .bss           0x00000000        0x0 ./startup_gcc.o
 .debug_macro   0x00000000      0x862 ./startup_gcc.o
 .debug_macro   0x00000000       0x22 ./startup_gcc.o
 .debug_macro   0x00000000       0x87 ./startup_gcc.o
 .debug_macro   0x00000000       0x44 ./startup_gcc.o
 .debug_macro   0x00000000       0xfd ./startup_gcc.o
 .debug_macro   0x00000000       0x22 ./startup_gcc.o
 .debug_macro   0x00000000      0x1df ./startup_gcc.o
 .text          0x00000000        0x0 /opt/TivaWare-TMC4/driverlib/gcc/libdriver.a(gpio.o)
 .data          0x00000000        0x0 /opt/TivaWare-TMC4/driverlib/gcc/libdriver.a(gpio.o)
 .bss           0x00000000        0x0 /opt/TivaWare-TMC4/driverlib/gcc/libdriver.a(gpio.o)
 .text._GPIOIntNumberGet
                0x00000000       0x48 /opt/TivaWare-TMC4/driverlib/gcc/libdriver.a(gpio.o)
 .text.GPIODirModeGet
                0x00000000       0x24 /opt/TivaWare-TMC4/driverlib/gcc/libdriver.a(gpio.o)
 .text.GPIOIntTypeSet
                0x00000000       0x62 /opt/TivaWare-TMC4/driverlib/gcc/libdriver.a(gpio.o)
 .text.GPIOIntTypeGet
                0x00000000       0x42 /opt/TivaWare-TMC4/driverlib/gcc/libdriver.a(gpio.o)
 .text.GPIOPadConfigGet
                0x00000000       0xbc /opt/TivaWare-TMC4/driverlib/gcc/libdriver.a(gpio.o)
 .text.GPIOIntEnable
                0x00000000        0xc /opt/TivaWare-TMC4/driverlib/gcc/libdriver.a(gpio.o)
 .text.GPIOIntDisable
                0x00000000        0xe /opt/TivaWare-TMC4/driverlib/gcc/libdriver.a(gpio.o)
 .text.GPIOIntStatus
                0x00000000        0xe /opt/TivaWare-TMC4/driverlib/gcc/libdriver.a(gpio.o)
 .text.GPIOIntClear
                0x00000000        0x6 /opt/TivaWare-TMC4/driverlib/gcc/libdriver.a(gpio.o)
 .text.GPIOIntRegister
                0x00000000       0x1a /opt/TivaWare-TMC4/driverlib/gcc/libdriver.a(gpio.o)
 .text.GPIOIntUnregister
                0x00000000       0x16 /opt/TivaWare-TMC4/driverlib/gcc/libdriver.a(gpio.o)
 .text.GPIOPinRead
                0x00000000        0x6 /opt/TivaWare-TMC4/driverlib/gcc/libdriver.a(gpio.o)
 .text.GPIOPinTypeADC
                0x00000000       0x1c /opt/TivaWare-TMC4/driverlib/gcc/libdriver.a(gpio.o)
 .text.GPIOPinTypeCAN
                0x00000000       0x1c /opt/TivaWare-TMC4/driverlib/gcc/libdriver.a(gpio.o)
 .text.GPIOPinTypeComparator
                0x00000000       0x1c /opt/TivaWare-TMC4/driverlib/gcc/libdriver.a(gpio.o)
 .text.GPIOPinTypeComparatorOutput
                0x00000000       0x1c /opt/TivaWare-TMC4/driverlib/gcc/libdriver.a(gpio.o)
 .text.GPIOPinTypeDIVSCLK
                0x00000000       0x1c /opt/TivaWare-TMC4/driverlib/gcc/libdriver.a(gpio.o)
 .text.GPIOPinTypeEPI
                0x00000000       0x1c /opt/TivaWare-TMC4/driverlib/gcc/libdriver.a(gpio.o)
 .text.GPIOPinTypeEthernetLED
                0x00000000       0x1c /opt/TivaWare-TMC4/driverlib/gcc/libdriver.a(gpio.o)
 .text.GPIOPinTypeEthernetMII
                0x00000000       0x1c /opt/TivaWare-TMC4/driverlib/gcc/libdriver.a(gpio.o)
 .text.GPIOPinTypeGPIOInput
                0x00000000       0x1c /opt/TivaWare-TMC4/driverlib/gcc/libdriver.a(gpio.o)
 .text.GPIOPinTypeGPIOOutputOD
                0x00000000       0x1c /opt/TivaWare-TMC4/driverlib/gcc/libdriver.a(gpio.o)
 .text.GPIOPinTypeHibernateRTCCLK
                0x00000000       0x1c /opt/TivaWare-TMC4/driverlib/gcc/libdriver.a(gpio.o)
 .text.GPIOPinTypeI2C
                0x00000000       0x1c /opt/TivaWare-TMC4/driverlib/gcc/libdriver.a(gpio.o)
 .text.GPIOPinTypeI2CSCL
                0x00000000       0x1c /opt/TivaWare-TMC4/driverlib/gcc/libdriver.a(gpio.o)
 .text.GPIOPinTypeLCD
                0x00000000       0x1c /opt/TivaWare-TMC4/driverlib/gcc/libdriver.a(gpio.o)
 .text.GPIOPinTypeOneWire
                0x00000000       0x1c /opt/TivaWare-TMC4/driverlib/gcc/libdriver.a(gpio.o)
 .text.GPIOPinTypePWM
                0x00000000       0x1c /opt/TivaWare-TMC4/driverlib/gcc/libdriver.a(gpio.o)
 .text.GPIOPinTypeQEI
                0x00000000       0x1c /opt/TivaWare-TMC4/driverlib/gcc/libdriver.a(gpio.o)
 .text.GPIOPinTypeSSI
                0x00000000       0x1c /opt/TivaWare-TMC4/driverlib/gcc/libdriver.a(gpio.o)
 .text.GPIOPinTypeTimer
                0x00000000       0x1c /opt/TivaWare-TMC4/driverlib/gcc/libdriver.a(gpio.o)
 .text.GPIOPinTypeTrace
                0x00000000       0x1c /opt/TivaWare-TMC4/driverlib/gcc/libdriver.a(gpio.o)
 .text.GPIOPinTypeUART
                0x00000000       0x1c /opt/TivaWare-TMC4/driverlib/gcc/libdriver.a(gpio.o)
 .text.GPIOPinTypeUSBAnalog
                0x00000000       0x1c /opt/TivaWare-TMC4/driverlib/gcc/libdriver.a(gpio.o)
 .text.GPIOPinTypeUSBDigital
                0x00000000       0x1c /opt/TivaWare-TMC4/driverlib/gcc/libdriver.a(gpio.o)
 .text.GPIOPinTypeWakeHigh
                0x00000000       0x1e /opt/TivaWare-TMC4/driverlib/gcc/libdriver.a(gpio.o)
 .text.GPIOPinTypeWakeLow
                0x00000000       0x1e /opt/TivaWare-TMC4/driverlib/gcc/libdriver.a(gpio.o)
 .text.GPIOPinWakeStatus
                0x00000000        0x6 /opt/TivaWare-TMC4/driverlib/gcc/libdriver.a(gpio.o)
 .text.GPIOPinConfigure
                0x00000000       0x4c /opt/TivaWare-TMC4/driverlib/gcc/libdriver.a(gpio.o)
 .text.GPIODMATriggerEnable
                0x00000000        0xc /opt/TivaWare-TMC4/driverlib/gcc/libdriver.a(gpio.o)
 .text.GPIODMATriggerDisable
                0x00000000        0xe /opt/TivaWare-TMC4/driverlib/gcc/libdriver.a(gpio.o)
 .text.GPIOADCTriggerEnable
                0x00000000        0xc /opt/TivaWare-TMC4/driverlib/gcc/libdriver.a(gpio.o)
 .text.GPIOADCTriggerDisable
                0x00000000        0xe /opt/TivaWare-TMC4/driverlib/gcc/libdriver.a(gpio.o)
 .rodata.g_ppui32GPIOIntMapSnowflake
                0x00000000       0xc0 /opt/TivaWare-TMC4/driverlib/gcc/libdriver.a(gpio.o)
 .rodata.g_pui32GPIOBaseAddrs
                0x00000000       0x90 /opt/TivaWare-TMC4/driverlib/gcc/libdriver.a(gpio.o)
 .rodata.g_ppui32GPIOIntMapBlizzard
                0x00000000       0xc0 /opt/TivaWare-TMC4/driverlib/gcc/libdriver.a(gpio.o)
 .text          0x00000000        0x0 /opt/TivaWare-TMC4/driverlib/gcc/libdriver.a(interrupt.o)
 .data          0x00000000        0x0 /opt/TivaWare-TMC4/driverlib/gcc/libdriver.a(interrupt.o)
 .bss           0x00000000        0x0 /opt/TivaWare-TMC4/driverlib/gcc/libdriver.a(interrupt.o)
 .text._IntDefaultHandler
                0x00000000        0x2 /opt/TivaWare-TMC4/driverlib/gcc/libdriver.a(interrupt.o)
 .text.IntMasterEnable
                0x00000000        0xe /opt/TivaWare-TMC4/driverlib/gcc/libdriver.a(interrupt.o)
 .text.IntMasterDisable
                0x00000000        0xe /opt/TivaWare-TMC4/driverlib/gcc/libdriver.a(interrupt.o)
 .text.IntRegister
                0x00000000       0x30 /opt/TivaWare-TMC4/driverlib/gcc/libdriver.a(interrupt.o)
 .text.IntUnregister
                0x00000000       0x14 /opt/TivaWare-TMC4/driverlib/gcc/libdriver.a(interrupt.o)
 .text.IntPriorityGroupingSet
                0x00000000       0x1c /opt/TivaWare-TMC4/driverlib/gcc/libdriver.a(interrupt.o)
 .text.IntPriorityGroupingGet
                0x00000000       0x24 /opt/TivaWare-TMC4/driverlib/gcc/libdriver.a(interrupt.o)
 .text.IntPrioritySet
                0x00000000       0x28 /opt/TivaWare-TMC4/driverlib/gcc/libdriver.a(interrupt.o)
 .text.IntPriorityGet
                0x00000000       0x1c /opt/TivaWare-TMC4/driverlib/gcc/libdriver.a(interrupt.o)
 .text.IntEnable
                0x00000000       0x60 /opt/TivaWare-TMC4/driverlib/gcc/libdriver.a(interrupt.o)
 .text.IntDisable
                0x00000000       0x60 /opt/TivaWare-TMC4/driverlib/gcc/libdriver.a(interrupt.o)
 .text.IntIsEnabled
                0x00000000       0x64 /opt/TivaWare-TMC4/driverlib/gcc/libdriver.a(interrupt.o)
 .text.IntPendSet
                0x00000000       0x50 /opt/TivaWare-TMC4/driverlib/gcc/libdriver.a(interrupt.o)
 .text.IntPendClear
                0x00000000       0x40 /opt/TivaWare-TMC4/driverlib/gcc/libdriver.a(interrupt.o)
 .text.IntPriorityMaskSet
                0x00000000        0x4 /opt/TivaWare-TMC4/driverlib/gcc/libdriver.a(interrupt.o)
 .text.IntPriorityMaskGet
                0x00000000        0x4 /opt/TivaWare-TMC4/driverlib/gcc/libdriver.a(interrupt.o)
 .text.IntTrigger
                0x00000000        0xc /opt/TivaWare-TMC4/driverlib/gcc/libdriver.a(interrupt.o)
 .rodata.g_pui32Priority
                0x00000000       0x20 /opt/TivaWare-TMC4/driverlib/gcc/libdriver.a(interrupt.o)
 .rodata.g_pui32Dii16Regs
                0x00000000       0x14 /opt/TivaWare-TMC4/driverlib/gcc/libdriver.a(interrupt.o)
 .rodata.g_pui32PendRegs
                0x00000000       0x14 /opt/TivaWare-TMC4/driverlib/gcc/libdriver.a(interrupt.o)
 vtable         0x00000000      0x400 /opt/TivaWare-TMC4/driverlib/gcc/libdriver.a(interrupt.o)
 .rodata.g_pui32Regs
                0x00000000       0x9c /opt/TivaWare-TMC4/driverlib/gcc/libdriver.a(interrupt.o)
 .rodata.g_pui32EnRegs
                0x00000000       0x14 /opt/TivaWare-TMC4/driverlib/gcc/libdriver.a(interrupt.o)
 .rodata.g_pui32UnpendRegs
                0x00000000       0x14 /opt/TivaWare-TMC4/driverlib/gcc/libdriver.a(interrupt.o)
 .comment       0x00000000       0x2c /opt/TivaWare-TMC4/driverlib/gcc/libdriver.a(interrupt.o)
 .ARM.attributes
                0x00000000       0x37 /opt/TivaWare-TMC4/driverlib/gcc/libdriver.a(interrupt.o)
 .text          0x00000000        0x0 /opt/TivaWare-TMC4/driverlib/gcc/libdriver.a(sysctl.o)
 .data          0x00000000        0x0 /opt/TivaWare-TMC4/driverlib/gcc/libdriver.a(sysctl.o)
 .bss           0x00000000        0x0 /opt/TivaWare-TMC4/driverlib/gcc/libdriver.a(sysctl.o)
 .text._SysCtlMemTimingGet
                0x00000000       0x24 /opt/TivaWare-TMC4/driverlib/gcc/libdriver.a(sysctl.o)
 .text.SysCtlSRAMSizeGet
                0x00000000       0x10 /opt/TivaWare-TMC4/driverlib/gcc/libdriver.a(sysctl.o)
 .text.SysCtlFlashSizeGet
                0x00000000       0x40 /opt/TivaWare-TMC4/driverlib/gcc/libdriver.a(sysctl.o)
 .text.SysCtlFlashSectorSizeGet
                0x00000000       0x3c /opt/TivaWare-TMC4/driverlib/gcc/libdriver.a(sysctl.o)
 .text.SysCtlPeripheralPresent
                0x00000000       0x34 /opt/TivaWare-TMC4/driverlib/gcc/libdriver.a(sysctl.o)
 .text.SysCtlPeripheralPowerOn
                0x00000000       0x30 /opt/TivaWare-TMC4/driverlib/gcc/libdriver.a(sysctl.o)
 .text.SysCtlPeripheralPowerOff
                0x00000000       0x30 /opt/TivaWare-TMC4/driverlib/gcc/libdriver.a(sysctl.o)
 .text.SysCtlPeripheralReset
                0x00000000       0x48 /opt/TivaWare-TMC4/driverlib/gcc/libdriver.a(sysctl.o)
 .text.SysCtlPeripheralDisable
                0x00000000       0x30 /opt/TivaWare-TMC4/driverlib/gcc/libdriver.a(sysctl.o)
 .text.SysCtlPeripheralSleepEnable
                0x00000000       0x30 /opt/TivaWare-TMC4/driverlib/gcc/libdriver.a(sysctl.o)
 .text.SysCtlPeripheralSleepDisable
                0x00000000       0x30 /opt/TivaWare-TMC4/driverlib/gcc/libdriver.a(sysctl.o)
 .text.SysCtlPeripheralDeepSleepEnable
                0x00000000       0x30 /opt/TivaWare-TMC4/driverlib/gcc/libdriver.a(sysctl.o)
 .text.SysCtlPeripheralDeepSleepDisable
                0x00000000       0x30 /opt/TivaWare-TMC4/driverlib/gcc/libdriver.a(sysctl.o)
 .text.SysCtlPeripheralClockGating
                0x00000000       0x50 /opt/TivaWare-TMC4/driverlib/gcc/libdriver.a(sysctl.o)
 .text.SysCtlIntRegister
                0x00000000       0x14 /opt/TivaWare-TMC4/driverlib/gcc/libdriver.a(sysctl.o)
 .text.SysCtlIntUnregister
                0x00000000       0x12 /opt/TivaWare-TMC4/driverlib/gcc/libdriver.a(sysctl.o)
 .text.SysCtlIntEnable
                0x00000000       0x10 /opt/TivaWare-TMC4/driverlib/gcc/libdriver.a(sysctl.o)
 .text.SysCtlIntDisable
                0x00000000       0x10 /opt/TivaWare-TMC4/driverlib/gcc/libdriver.a(sysctl.o)
 .text.SysCtlIntClear
                0x00000000        0xc /opt/TivaWare-TMC4/driverlib/gcc/libdriver.a(sysctl.o)
 .text.SysCtlIntStatus
                0x00000000       0x18 /opt/TivaWare-TMC4/driverlib/gcc/libdriver.a(sysctl.o)
 .text.SysCtlLDOSleepSet
                0x00000000        0xc /opt/TivaWare-TMC4/driverlib/gcc/libdriver.a(sysctl.o)
 .text.SysCtlLDOSleepGet
                0x00000000        0xc /opt/TivaWare-TMC4/driverlib/gcc/libdriver.a(sysctl.o)
 .text.SysCtlLDODeepSleepSet
                0x00000000        0xc /opt/TivaWare-TMC4/driverlib/gcc/libdriver.a(sysctl.o)
 .text.SysCtlLDODeepSleepGet
                0x00000000        0xc /opt/TivaWare-TMC4/driverlib/gcc/libdriver.a(sysctl.o)
 .text.SysCtlSleepPowerSet
                0x00000000        0xc /opt/TivaWare-TMC4/driverlib/gcc/libdriver.a(sysctl.o)
 .text.SysCtlDeepSleepPowerSet
                0x00000000        0xc /opt/TivaWare-TMC4/driverlib/gcc/libdriver.a(sysctl.o)
 .text.SysCtlReset
                0x00000000       0x10 /opt/TivaWare-TMC4/driverlib/gcc/libdriver.a(sysctl.o)
 .text.SysCtlSleep
                0x00000000        0x4 /opt/TivaWare-TMC4/driverlib/gcc/libdriver.a(sysctl.o)
 .text.SysCtlDeepSleep
                0x00000000       0x20 /opt/TivaWare-TMC4/driverlib/gcc/libdriver.a(sysctl.o)
 .text.SysCtlResetCauseGet
                0x00000000        0xc /opt/TivaWare-TMC4/driverlib/gcc/libdriver.a(sysctl.o)
 .text.SysCtlResetCauseClear
                0x00000000       0x10 /opt/TivaWare-TMC4/driverlib/gcc/libdriver.a(sysctl.o)
 .text.SysCtlDelay
                0x00000000        0x6 /opt/TivaWare-TMC4/driverlib/gcc/libdriver.a(sysctl.o)
 .text.SysCtlMOSCConfigSet
                0x00000000        0xc /opt/TivaWare-TMC4/driverlib/gcc/libdriver.a(sysctl.o)
 .text.SysCtlPIOSCCalibrate
                0x00000000       0x54 /opt/TivaWare-TMC4/driverlib/gcc/libdriver.a(sysctl.o)
 .text.SysCtlResetBehaviorSet
                0x00000000        0xc /opt/TivaWare-TMC4/driverlib/gcc/libdriver.a(sysctl.o)
 .text.SysCtlResetBehaviorGet
                0x00000000        0xc /opt/TivaWare-TMC4/driverlib/gcc/libdriver.a(sysctl.o)
 .text.SysCtlClockFreqSet
                0x00000000      0x264 /opt/TivaWare-TMC4/driverlib/gcc/libdriver.a(sysctl.o)
 .text.SysCtlClockSet
                0x00000000      0x128 /opt/TivaWare-TMC4/driverlib/gcc/libdriver.a(sysctl.o)
 .text.SysCtlClockGet
                0x00000000      0x14c /opt/TivaWare-TMC4/driverlib/gcc/libdriver.a(sysctl.o)
 .text.SysCtlDeepSleepClockSet
                0x00000000        0xc /opt/TivaWare-TMC4/driverlib/gcc/libdriver.a(sysctl.o)
 .text.SysCtlDeepSleepClockConfigSet
                0x00000000       0x68 /opt/TivaWare-TMC4/driverlib/gcc/libdriver.a(sysctl.o)
 .text.SysCtlPWMClockSet
                0x00000000       0x14 /opt/TivaWare-TMC4/driverlib/gcc/libdriver.a(sysctl.o)
 .text.SysCtlPWMClockGet
                0x00000000       0x18 /opt/TivaWare-TMC4/driverlib/gcc/libdriver.a(sysctl.o)
 .text.SysCtlGPIOAHBEnable
                0x00000000       0x1c /opt/TivaWare-TMC4/driverlib/gcc/libdriver.a(sysctl.o)
 .text.SysCtlGPIOAHBDisable
                0x00000000       0x1c /opt/TivaWare-TMC4/driverlib/gcc/libdriver.a(sysctl.o)
 .text.SysCtlUSBPLLEnable
                0x00000000       0x10 /opt/TivaWare-TMC4/driverlib/gcc/libdriver.a(sysctl.o)
 .text.SysCtlUSBPLLDisable
                0x00000000       0x10 /opt/TivaWare-TMC4/driverlib/gcc/libdriver.a(sysctl.o)
 .text.SysCtlVoltageEventConfig
                0x00000000        0xc /opt/TivaWare-TMC4/driverlib/gcc/libdriver.a(sysctl.o)
 .text.SysCtlVoltageEventStatus
                0x00000000        0xc /opt/TivaWare-TMC4/driverlib/gcc/libdriver.a(sysctl.o)
 .text.SysCtlVoltageEventClear
                0x00000000       0x10 /opt/TivaWare-TMC4/driverlib/gcc/libdriver.a(sysctl.o)
 .text.SysCtlNMIStatus
                0x00000000        0xc /opt/TivaWare-TMC4/driverlib/gcc/libdriver.a(sysctl.o)
 .text.SysCtlNMIClear
                0x00000000       0x10 /opt/TivaWare-TMC4/driverlib/gcc/libdriver.a(sysctl.o)
 .text.SysCtlClockOutConfig
                0x00000000       0x14 /opt/TivaWare-TMC4/driverlib/gcc/libdriver.a(sysctl.o)
 .text.SysCtlAltClkConfig
                0x00000000        0xc /opt/TivaWare-TMC4/driverlib/gcc/libdriver.a(sysctl.o)
 .rodata.g_pppui32XTALtoVCO
                0x00000000      0x120 /opt/TivaWare-TMC4/driverlib/gcc/libdriver.a(sysctl.o)
 .rodata.g_pui32VCOFrequencies
                0x00000000        0x8 /opt/TivaWare-TMC4/driverlib/gcc/libdriver.a(sysctl.o)
 .rodata.g_sXTALtoMEMTIM
                0x00000000       0x30 /opt/TivaWare-TMC4/driverlib/gcc/libdriver.a(sysctl.o)
 .rodata.g_pui32Xtals
                0x00000000       0x6c /opt/TivaWare-TMC4/driverlib/gcc/libdriver.a(sysctl.o)
 .text          0x00000000        0x0 /opt/TivaWare-TMC4/driverlib/gcc/libdriver.a(cpu.o)
 .data          0x00000000        0x0 /opt/TivaWare-TMC4/driverlib/gcc/libdriver.a(cpu.o)
 .bss           0x00000000        0x0 /opt/TivaWare-TMC4/driverlib/gcc/libdriver.a(cpu.o)
 .text.CPUcpsid
                0x00000000        0x8 /opt/TivaWare-TMC4/driverlib/gcc/libdriver.a(cpu.o)
 .text.CPUprimask
                0x00000000        0x6 /opt/TivaWare-TMC4/driverlib/gcc/libdriver.a(cpu.o)
 .text.CPUcpsie
                0x00000000        0x8 /opt/TivaWare-TMC4/driverlib/gcc/libdriver.a(cpu.o)
 .text.CPUwfi   0x00000000        0x4 /opt/TivaWare-TMC4/driverlib/gcc/libdriver.a(cpu.o)
 .text.CPUbasepriSet
                0x00000000        0x6 /opt/TivaWare-TMC4/driverlib/gcc/libdriver.a(cpu.o)
 .text.CPUbasepriGet
                0x00000000        0x6 /opt/TivaWare-TMC4/driverlib/gcc/libdriver.a(cpu.o)
 .comment       0x00000000       0x2c /opt/TivaWare-TMC4/driverlib/gcc/libdriver.a(cpu.o)
 .ARM.attributes
                0x00000000       0x37 /opt/TivaWare-TMC4/driverlib/gcc/libdriver.a(cpu.o)
 .text          0x00000000        0x0 /opt/gcc-arm-none-eabi-5_3-2016q1/bin/../lib/gcc/arm-none-eabi/5.3.1/../../../../arm-none-eabi/lib/armv7-m/libg.a(lib_a-exit.o)
 .data          0x00000000        0x0 /opt/gcc-arm-none-eabi-5_3-2016q1/bin/../lib/gcc/arm-none-eabi/5.3.1/../../../../arm-none-eabi/lib/armv7-m/libg.a(lib_a-exit.o)
 .bss           0x00000000        0x0 /opt/gcc-arm-none-eabi-5_3-2016q1/bin/../lib/gcc/arm-none-eabi/5.3.1/../../../../arm-none-eabi/lib/armv7-m/libg.a(lib_a-exit.o)
 .text.exit     0x00000000       0x20 /opt/gcc-arm-none-eabi-5_3-2016q1/bin/../lib/gcc/arm-none-eabi/5.3.1/../../../../arm-none-eabi/lib/armv7-m/libg.a(lib_a-exit.o)
 .debug_frame   0x00000000       0x28 /opt/gcc-arm-none-eabi-5_3-2016q1/bin/../lib/gcc/arm-none-eabi/5.3.1/../../../../arm-none-eabi/lib/armv7-m/libg.a(lib_a-exit.o)
 .ARM.attributes
                0x00000000       0x2d /opt/gcc-arm-none-eabi-5_3-2016q1/bin/../lib/gcc/arm-none-eabi/5.3.1/../../../../arm-none-eabi/lib/armv7-m/libg.a(lib_a-exit.o)
 .text          0x00000000        0x0 /opt/gcc-arm-none-eabi-5_3-2016q1/bin/../lib/gcc/arm-none-eabi/5.3.1/../../../../arm-none-eabi/lib/armv7-m/libg.a(lib_a-impure.o)
 .data          0x00000000        0x0 /opt/gcc-arm-none-eabi-5_3-2016q1/bin/../lib/gcc/arm-none-eabi/5.3.1/../../../../arm-none-eabi/lib/armv7-m/libg.a(lib_a-impure.o)
 .bss           0x00000000        0x0 /opt/gcc-arm-none-eabi-5_3-2016q1/bin/../lib/gcc/arm-none-eabi/5.3.1/../../../../arm-none-eabi/lib/armv7-m/libg.a(lib_a-impure.o)
 .data.impure_data
                0x00000000      0x428 /opt/gcc-arm-none-eabi-5_3-2016q1/bin/../lib/gcc/arm-none-eabi/5.3.1/../../../../arm-none-eabi/lib/armv7-m/libg.a(lib_a-impure.o)
 .data._impure_ptr
                0x00000000        0x4 /opt/gcc-arm-none-eabi-5_3-2016q1/bin/../lib/gcc/arm-none-eabi/5.3.1/../../../../arm-none-eabi/lib/armv7-m/libg.a(lib_a-impure.o)
 .rodata.str1.4
                0x00000000        0x2 /opt/gcc-arm-none-eabi-5_3-2016q1/bin/../lib/gcc/arm-none-eabi/5.3.1/../../../../arm-none-eabi/lib/armv7-m/libg.a(lib_a-impure.o)
 .rodata._global_impure_ptr
                0x00000000        0x4 /opt/gcc-arm-none-eabi-5_3-2016q1/bin/../lib/gcc/arm-none-eabi/5.3.1/../../../../arm-none-eabi/lib/armv7-m/libg.a(lib_a-impure.o)
 .ARM.attributes
                0x00000000       0x2d /opt/gcc-arm-none-eabi-5_3-2016q1/bin/../lib/gcc/arm-none-eabi/5.3.1/../../../../arm-none-eabi/lib/armv7-m/libg.a(lib_a-impure.o)
 .text          0x00000000        0x0 /opt/gcc-arm-none-eabi-5_3-2016q1/bin/../lib/gcc/arm-none-eabi/5.3.1/../../../../arm-none-eabi/lib/armv7-m/libg.a(lib_a-init.o)
 .data          0x00000000        0x0 /opt/gcc-arm-none-eabi-5_3-2016q1/bin/../lib/gcc/arm-none-eabi/5.3.1/../../../../arm-none-eabi/lib/armv7-m/libg.a(lib_a-init.o)
 .bss           0x00000000        0x0 /opt/gcc-arm-none-eabi-5_3-2016q1/bin/../lib/gcc/arm-none-eabi/5.3.1/../../../../arm-none-eabi/lib/armv7-m/libg.a(lib_a-init.o)
 .text.__libc_init_array
                0x00000000       0x50 /opt/gcc-arm-none-eabi-5_3-2016q1/bin/../lib/gcc/arm-none-eabi/5.3.1/../../../../arm-none-eabi/lib/armv7-m/libg.a(lib_a-init.o)
 .debug_frame   0x00000000       0x2c /opt/gcc-arm-none-eabi-5_3-2016q1/bin/../lib/gcc/arm-none-eabi/5.3.1/../../../../arm-none-eabi/lib/armv7-m/libg.a(lib_a-init.o)
 .ARM.attributes
                0x00000000       0x2d /opt/gcc-arm-none-eabi-5_3-2016q1/bin/../lib/gcc/arm-none-eabi/5.3.1/../../../../arm-none-eabi/lib/armv7-m/libg.a(lib_a-init.o)
 .text          0x00000000        0x0 /opt/gcc-arm-none-eabi-5_3-2016q1/bin/../lib/gcc/arm-none-eabi/5.3.1/../../../../arm-none-eabi/lib/armv7-m/libg.a(lib_a-memset.o)
 .data          0x00000000        0x0 /opt/gcc-arm-none-eabi-5_3-2016q1/bin/../lib/gcc/arm-none-eabi/5.3.1/../../../../arm-none-eabi/lib/armv7-m/libg.a(lib_a-memset.o)
 .bss           0x00000000        0x0 /opt/gcc-arm-none-eabi-5_3-2016q1/bin/../lib/gcc/arm-none-eabi/5.3.1/../../../../arm-none-eabi/lib/armv7-m/libg.a(lib_a-memset.o)
 .text.memset   0x00000000       0x9c /opt/gcc-arm-none-eabi-5_3-2016q1/bin/../lib/gcc/arm-none-eabi/5.3.1/../../../../arm-none-eabi/lib/armv7-m/libg.a(lib_a-memset.o)
 .debug_frame   0x00000000       0x34 /opt/gcc-arm-none-eabi-5_3-2016q1/bin/../lib/gcc/arm-none-eabi/5.3.1/../../../../arm-none-eabi/lib/armv7-m/libg.a(lib_a-memset.o)
 .ARM.attributes
                0x00000000       0x2d /opt/gcc-arm-none-eabi-5_3-2016q1/bin/../lib/gcc/arm-none-eabi/5.3.1/../../../../arm-none-eabi/lib/armv7-m/libg.a(lib_a-memset.o)
 .text          0x00000000        0x0 /opt/gcc-arm-none-eabi-5_3-2016q1/bin/../lib/gcc/arm-none-eabi/5.3.1/../../../../arm-none-eabi/lib/armv7-m/libg.a(lib_a-__call_atexit.o)
 .data          0x00000000        0x0 /opt/gcc-arm-none-eabi-5_3-2016q1/bin/../lib/gcc/arm-none-eabi/5.3.1/../../../../arm-none-eabi/lib/armv7-m/libg.a(lib_a-__call_atexit.o)
 .bss           0x00000000        0x0 /opt/gcc-arm-none-eabi-5_3-2016q1/bin/../lib/gcc/arm-none-eabi/5.3.1/../../../../arm-none-eabi/lib/armv7-m/libg.a(lib_a-__call_atexit.o)
 .text.startup.register_fini
                0x00000000       0x14 /opt/gcc-arm-none-eabi-5_3-2016q1/bin/../lib/gcc/arm-none-eabi/5.3.1/../../../../arm-none-eabi/lib/armv7-m/libg.a(lib_a-__call_atexit.o)
 .init_array.00000
                0x00000000        0x4 /opt/gcc-arm-none-eabi-5_3-2016q1/bin/../lib/gcc/arm-none-eabi/5.3.1/../../../../arm-none-eabi/lib/armv7-m/libg.a(lib_a-__call_atexit.o)
 .text.__call_exitprocs
                0x00000000       0xd8 /opt/gcc-arm-none-eabi-5_3-2016q1/bin/../lib/gcc/arm-none-eabi/5.3.1/../../../../arm-none-eabi/lib/armv7-m/libg.a(lib_a-__call_atexit.o)
 .debug_frame   0x00000000       0x50 /opt/gcc-arm-none-eabi-5_3-2016q1/bin/../lib/gcc/arm-none-eabi/5.3.1/../../../../arm-none-eabi/lib/armv7-m/libg.a(lib_a-__call_atexit.o)
 .ARM.attributes
                0x00000000       0x2d /opt/gcc-arm-none-eabi-5_3-2016q1/bin/../lib/gcc/arm-none-eabi/5.3.1/../../../../arm-none-eabi/lib/armv7-m/libg.a(lib_a-__call_atexit.o)
 .text          0x00000000        0x0 /opt/gcc-arm-none-eabi-5_3-2016q1/bin/../lib/gcc/arm-none-eabi/5.3.1/../../../../arm-none-eabi/lib/armv7-m/libg.a(lib_a-atexit.o)
 .data          0x00000000        0x0 /opt/gcc-arm-none-eabi-5_3-2016q1/bin/../lib/gcc/arm-none-eabi/5.3.1/../../../../arm-none-eabi/lib/armv7-m/libg.a(lib_a-atexit.o)
 .bss           0x00000000        0x0 /opt/gcc-arm-none-eabi-5_3-2016q1/bin/../lib/gcc/arm-none-eabi/5.3.1/../../../../arm-none-eabi/lib/armv7-m/libg.a(lib_a-atexit.o)
 .text.atexit   0x00000000        0xc /opt/gcc-arm-none-eabi-5_3-2016q1/bin/../lib/gcc/arm-none-eabi/5.3.1/../../../../arm-none-eabi/lib/armv7-m/libg.a(lib_a-atexit.o)
 .debug_frame   0x00000000       0x20 /opt/gcc-arm-none-eabi-5_3-2016q1/bin/../lib/gcc/arm-none-eabi/5.3.1/../../../../arm-none-eabi/lib/armv7-m/libg.a(lib_a-atexit.o)
 .ARM.attributes
                0x00000000       0x2d /opt/gcc-arm-none-eabi-5_3-2016q1/bin/../lib/gcc/arm-none-eabi/5.3.1/../../../../arm-none-eabi/lib/armv7-m/libg.a(lib_a-atexit.o)
 .text          0x00000000        0x0 /opt/gcc-arm-none-eabi-5_3-2016q1/bin/../lib/gcc/arm-none-eabi/5.3.1/../../../../arm-none-eabi/lib/armv7-m/libg.a(lib_a-fini.o)
 .data          0x00000000        0x0 /opt/gcc-arm-none-eabi-5_3-2016q1/bin/../lib/gcc/arm-none-eabi/5.3.1/../../../../arm-none-eabi/lib/armv7-m/libg.a(lib_a-fini.o)
 .bss           0x00000000        0x0 /opt/gcc-arm-none-eabi-5_3-2016q1/bin/../lib/gcc/arm-none-eabi/5.3.1/../../../../arm-none-eabi/lib/armv7-m/libg.a(lib_a-fini.o)
 .text.__libc_fini_array
                0x00000000       0x28 /opt/gcc-arm-none-eabi-5_3-2016q1/bin/../lib/gcc/arm-none-eabi/5.3.1/../../../../arm-none-eabi/lib/armv7-m/libg.a(lib_a-fini.o)
 .debug_frame   0x00000000       0x34 /opt/gcc-arm-none-eabi-5_3-2016q1/bin/../lib/gcc/arm-none-eabi/5.3.1/../../../../arm-none-eabi/lib/armv7-m/libg.a(lib_a-fini.o)
 .ARM.attributes
                0x00000000       0x2d /opt/gcc-arm-none-eabi-5_3-2016q1/bin/../lib/gcc/arm-none-eabi/5.3.1/../../../../arm-none-eabi/lib/armv7-m/libg.a(lib_a-fini.o)
 .text          0x00000000        0x0 /opt/gcc-arm-none-eabi-5_3-2016q1/bin/../lib/gcc/arm-none-eabi/5.3.1/../../../../arm-none-eabi/lib/armv7-m/libg.a(lib_a-__atexit.o)
 .data          0x00000000        0x0 /opt/gcc-arm-none-eabi-5_3-2016q1/bin/../lib/gcc/arm-none-eabi/5.3.1/../../../../arm-none-eabi/lib/armv7-m/libg.a(lib_a-__atexit.o)
 .bss           0x00000000        0x0 /opt/gcc-arm-none-eabi-5_3-2016q1/bin/../lib/gcc/arm-none-eabi/5.3.1/../../../../arm-none-eabi/lib/armv7-m/libg.a(lib_a-__atexit.o)
 .text.__register_exitproc
                0x00000000       0xa4 /opt/gcc-arm-none-eabi-5_3-2016q1/bin/../lib/gcc/arm-none-eabi/5.3.1/../../../../arm-none-eabi/lib/armv7-m/libg.a(lib_a-__atexit.o)
 .debug_frame   0x00000000       0x34 /opt/gcc-arm-none-eabi-5_3-2016q1/bin/../lib/gcc/arm-none-eabi/5.3.1/../../../../arm-none-eabi/lib/armv7-m/libg.a(lib_a-__atexit.o)
 .ARM.attributes
                0x00000000       0x2d /opt/gcc-arm-none-eabi-5_3-2016q1/bin/../lib/gcc/arm-none-eabi/5.3.1/../../../../arm-none-eabi/lib/armv7-m/libg.a(lib_a-__atexit.o)
 .text          0x00000000        0x0 /opt/gcc-arm-none-eabi-5_3-2016q1/bin/../lib/gcc/arm-none-eabi/5.3.1/armv7-m/crtend.o
 .data          0x00000000        0x0 /opt/gcc-arm-none-eabi-5_3-2016q1/bin/../lib/gcc/arm-none-eabi/5.3.1/armv7-m/crtend.o
 .bss           0x00000000        0x0 /opt/gcc-arm-none-eabi-5_3-2016q1/bin/../lib/gcc/arm-none-eabi/5.3.1/armv7-m/crtend.o
 .eh_frame      0x00000000        0x4 /opt/gcc-arm-none-eabi-5_3-2016q1/bin/../lib/gcc/arm-none-eabi/5.3.1/armv7-m/crtend.o
 .jcr           0x00000000        0x4 /opt/gcc-arm-none-eabi-5_3-2016q1/bin/../lib/gcc/arm-none-eabi/5.3.1/armv7-m/crtend.o
 .ARM.attributes
                0x00000000       0x2d /opt/gcc-arm-none-eabi-5_3-2016q1/bin/../lib/gcc/arm-none-eabi/5.3.1/armv7-m/crtend.o
 .text          0x00000000        0x0 /opt/gcc-arm-none-eabi-5_3-2016q1/bin/../lib/gcc/arm-none-eabi/5.3.1/armv7-m/crtn.o
 .data          0x00000000        0x0 /opt/gcc-arm-none-eabi-5_3-2016q1/bin/../lib/gcc/arm-none-eabi/5.3.1/armv7-m/crtn.o
 .bss           0x00000000        0x0 /opt/gcc-arm-none-eabi-5_3-2016q1/bin/../lib/gcc/arm-none-eabi/5.3.1/armv7-m/crtn.o
 .init          0x00000000        0x8 /opt/gcc-arm-none-eabi-5_3-2016q1/bin/../lib/gcc/arm-none-eabi/5.3.1/armv7-m/crtn.o
 .fini          0x00000000        0x8 /opt/gcc-arm-none-eabi-5_3-2016q1/bin/../lib/gcc/arm-none-eabi/5.3.1/armv7-m/crtn.o
 .ARM.attributes
                0x00000000       0x1d /opt/gcc-arm-none-eabi-5_3-2016q1/bin/../lib/gcc/arm-none-eabi/5.3.1/armv7-m/crtn.o

Memory Configuration

Name             Origin             Length             Attributes
FLASH            0x00000000         0x00040000         xr
SRAM             0x20000000         0x00008000         xrw
*default*        0x00000000         0xffffffff

Linker script and memory map

LOAD /opt/gcc-arm-none-eabi-5_3-2016q1/bin/../lib/gcc/arm-none-eabi/5.3.1/armv7-m/crti.o
LOAD /opt/gcc-arm-none-eabi-5_3-2016q1/bin/../lib/gcc/arm-none-eabi/5.3.1/armv7-m/crtbegin.o
LOAD /opt/gcc-arm-none-eabi-5_3-2016q1/bin/../lib/gcc/arm-none-eabi/5.3.1/../../../../arm-none-eabi/lib/armv7-m/crt0.o
LOAD ./blinky.o
LOAD ./startup_gcc.o
LOAD /opt/TivaWare-TMC4/driverlib/gcc/libdriver.a
START GROUP
LOAD /opt/gcc-arm-none-eabi-5_3-2016q1/bin/../lib/gcc/arm-none-eabi/5.3.1/armv7-m/libgcc.a
LOAD /opt/gcc-arm-none-eabi-5_3-2016q1/bin/../lib/gcc/arm-none-eabi/5.3.1/../../../../arm-none-eabi/lib/armv7-m/libg.a
LOAD /opt/gcc-arm-none-eabi-5_3-2016q1/bin/../lib/gcc/arm-none-eabi/5.3.1/../../../../arm-none-eabi/lib/armv7-m/libc.a
END GROUP
LOAD /opt/gcc-arm-none-eabi-5_3-2016q1/bin/../lib/gcc/arm-none-eabi/5.3.1/armv7-m/crtend.o
LOAD /opt/gcc-arm-none-eabi-5_3-2016q1/bin/../lib/gcc/arm-none-eabi/5.3.1/armv7-m/crtn.o

.text           0x00000000      0x568
                0x00000000                _text = .
 *(.isr_vector)
 .isr_vector    0x00000000      0x26c ./startup_gcc.o
                0x00000000                g_pfnVectors
 *(.text*)
 .text.main     0x0000026c       0x74 ./blinky.o
                0x0000026c                main
 .text.ResetISR
                0x000002e0       0x6c ./startup_gcc.o
                0x000002e0                ResetISR
 .text.NmiSR    0x0000034c        0x8 ./startup_gcc.o
 .text.FaultISR
                0x00000354        0x8 ./startup_gcc.o
 .text.IntDefaultHandler
                0x0000035c        0x8 ./startup_gcc.o
 .text.GPIODirModeSet
                0x00000364       0x2e /opt/TivaWare-TMC4/driverlib/gcc/libdriver.a(gpio.o)
                0x00000364                GPIODirModeSet
 .text.GPIOPadConfigSet
                0x00000392      0x14e /opt/TivaWare-TMC4/driverlib/gcc/libdriver.a(gpio.o)
                0x00000392                GPIOPadConfigSet
 .text.GPIOPinWrite
                0x000004e0        0x6 /opt/TivaWare-TMC4/driverlib/gcc/libdriver.a(gpio.o)
                0x000004e0                GPIOPinWrite
 .text.GPIOPinTypeGPIOOutput
                0x000004e6       0x1c /opt/TivaWare-TMC4/driverlib/gcc/libdriver.a(gpio.o)
                0x000004e6                GPIOPinTypeGPIOOutput
 *fill*         0x00000502        0x2 
 .text.SysCtlPeripheralReady
                0x00000504       0x34 /opt/TivaWare-TMC4/driverlib/gcc/libdriver.a(sysctl.o)
                0x00000504                SysCtlPeripheralReady
 .text.SysCtlPeripheralEnable
                0x00000538       0x30 /opt/TivaWare-TMC4/driverlib/gcc/libdriver.a(sysctl.o)
                0x00000538                SysCtlPeripheralEnable
 *(.rodata*)
                0x00000568                _etext = .

.glue_7         0x00000568        0x0
 .glue_7        0x00000568        0x0 linker stubs

.glue_7t        0x00000568        0x0
 .glue_7t       0x00000568        0x0 linker stubs

.vfp11_veneer   0x00000568        0x0
 .vfp11_veneer  0x00000568        0x0 linker stubs

.v4_bx          0x00000568        0x0
 .v4_bx         0x00000568        0x0 linker stubs

.init           0x00000568        0x4
 .init          0x00000568        0x4 /opt/gcc-arm-none-eabi-5_3-2016q1/bin/../lib/gcc/arm-none-eabi/5.3.1/armv7-m/crti.o
                0x00000568                _init

.fini           0x0000056c        0x4
 .fini          0x0000056c        0x4 /opt/gcc-arm-none-eabi-5_3-2016q1/bin/../lib/gcc/arm-none-eabi/5.3.1/armv7-m/crti.o
                0x0000056c                _fini

.iplt           0x00000570        0x0
 .iplt          0x00000570        0x0 /opt/gcc-arm-none-eabi-5_3-2016q1/bin/../lib/gcc/arm-none-eabi/5.3.1/armv7-m/crtbegin.o

.rel.dyn        0x00000570        0x0
 .rel.iplt      0x00000570        0x0 /opt/gcc-arm-none-eabi-5_3-2016q1/bin/../lib/gcc/arm-none-eabi/5.3.1/armv7-m/crtbegin.o

.data           0x20000000        0x0 load address 0x00000568
                0x20000000                _data = .
                0x00000568                _ldata = LOADADDR (.data)
 *(vtable)
 *(.data*)
                0x20000000                _edata = .

.igot.plt       0x20000000        0x0
 .igot.plt      0x20000000        0x0 /opt/gcc-arm-none-eabi-5_3-2016q1/bin/../lib/gcc/arm-none-eabi/5.3.1/armv7-m/crtbegin.o

.bss            0x20000000      0x200
                0x20000000                _bss = .
 *(.bss*)
 .bss.pui32Stack
                0x20000000      0x200 ./startup_gcc.o
 *(COMMON)
                0x20000200                _ebss = .
OUTPUT(blinky.elf elf32-littlearm)

.ARM.attributes
                0x00000000       0x35
 .ARM.attributes
                0x00000000       0x1d /opt/gcc-arm-none-eabi-5_3-2016q1/bin/../lib/gcc/arm-none-eabi/5.3.1/armv7-m/crti.o
 .ARM.attributes
                0x0000001d       0x33 ./blinky.o
 .ARM.attributes
                0x00000050       0x33 ./startup_gcc.o
 .ARM.attributes
                0x00000083       0x37 /opt/TivaWare-TMC4/driverlib/gcc/libdriver.a(gpio.o)
 .ARM.attributes
                0x000000ba       0x37 /opt/TivaWare-TMC4/driverlib/gcc/libdriver.a(sysctl.o)

.comment        0x00000000       0x99
 .comment       0x00000000       0x6e ./blinky.o
                                 0x6f (size before relaxing)
 .comment       0x0000006e       0x6f ./startup_gcc.o
 .comment       0x0000006e       0x2b /opt/TivaWare-TMC4/driverlib/gcc/libdriver.a(gpio.o)
                                 0x2c (size before relaxing)
 .comment       0x00000099       0x2c /opt/TivaWare-TMC4/driverlib/gcc/libdriver.a(sysctl.o)

.debug_info     0x00000000      0x222
 .debug_info    0x00000000       0xb3 ./blinky.o
 .debug_info    0x000000b3      0x16f ./startup_gcc.o

.debug_abbrev   0x00000000      0x130
 .debug_abbrev  0x00000000       0x6c ./blinky.o
 .debug_abbrev  0x0000006c       0xc4 ./startup_gcc.o

.debug_aranges  0x00000000       0x58
 .debug_aranges
                0x00000000       0x20 ./blinky.o
 .debug_aranges
                0x00000020       0x38 ./startup_gcc.o

.debug_ranges   0x00000000       0x38
 .debug_ranges  0x00000000       0x10 ./blinky.o
 .debug_ranges  0x00000010       0x28 ./startup_gcc.o

.debug_macro    0x00000000     0x2efb
 .debug_macro   0x00000000       0x87 ./blinky.o
 .debug_macro   0x00000087      0x862 ./blinky.o
 .debug_macro   0x000008e9       0x22 ./blinky.o
 .debug_macro   0x0000090b       0x87 ./blinky.o
 .debug_macro   0x00000992       0x44 ./blinky.o
 .debug_macro   0x000009d6       0xfd ./blinky.o
 .debug_macro   0x00000ad3       0x22 ./blinky.o
 .debug_macro   0x00000af5      0x1df ./blinky.o
 .debug_macro   0x00000cd4       0x22 ./blinky.o
 .debug_macro   0x00000cf6      0x25e ./blinky.o
 .debug_macro   0x00000f54      0x101 ./blinky.o
 .debug_macro   0x00001055      0xa88 ./blinky.o
 .debug_macro   0x00001add       0x75 ./startup_gcc.o
 .debug_macro   0x00001b52     0x1342 ./startup_gcc.o
 .debug_macro   0x00002e94       0x67 ./startup_gcc.o

.debug_line     0x00000000      0x451
 .debug_line    0x00000000      0x22d ./blinky.o
 .debug_line    0x0000022d      0x224 ./startup_gcc.o

.debug_str      0x00000000     0xc085
 .debug_str     0x00000000     0x6cbd ./blinky.o
                               0x6e21 (size before relaxing)
 .debug_str     0x00006cbd     0x53c8 ./startup_gcc.o
                               0x862c (size before relaxing)

.debug_frame    0x00000000       0xac
 .debug_frame   0x00000000       0x30 ./blinky.o
 .debug_frame   0x00000030       0x7c ./startup_gcc.o
